// Jest Snapshot v1, https://goo.gl/fbAQLP

exports[`codegen compound 1`] = `
"const { createElementVNode: _createElementVNode, toDisplayString: _toDisplayString } = Vue
return function render(_ctx, _cache) {return __createElementVNode(\\"div\\", null, \\"hi,\\" + _toDisplayString(_ctx.message), 1)}"
`;

exports[`codegen interpolation 1`] = `
"const { toDisplayString: _toDisplayString } = Vue
return function render(_ctx, _cache) {return _toDisplayString(_ctx.message)}"
`;

exports[`codegen string 1`] = `"return function render(_ctx, _cache) {return \\"hi\\"}"`;
